gdb a.out
GNU gdb (Ubuntu 8.1.1-0ubuntu1) 8.1.1
Copyright (C) 2018 Free Software Foundation, Inc.
License GPLv3+: GNU GPL version 3 or later <http://gnu.org/licenses/gpl.html>
This is free software: you are free to change and redistribute it.
There is NO WARRANTY, to the extent permitted by law.  Type "show copying"
and "show warranty" for details.
This GDB was configured as "x86_64-linux-gnu".
Type "show configuration" for configuration details.
For bug reporting instructions, please see:
<http://www.gnu.org/software/gdb/bugs/>.
Find the GDB manual and other documentation resources online at:
<http://www.gnu.org/software/gdb/documentation/>.
For help, type "help".
Type "apropos word" to search for commands related to "word"...
Reading symbols from a.out...done.
(gdb) b main 
Breakpoint 1 at 0x833: file p3final.c, line 19.
(gdb) r
Starting program: /home/runner/Test3Session2/a.out 
warning: Error disabling address space randomization: Operation not permitted

Breakpoint 1, main () at p3final.c:19
19  {
(gdb) n
21    input_n_and_r(&n,&r);
(gdb) s
input_n_and_r (n=0x7ffc46d8d47c, r=0x7ffc46d8d480) at p3final.c:4
4     printf("Enter the value of n and r\n");
(gdb) n
Enter the value of n and r
5     scanf("%d%d",n,r);  
(gdb) n
5 2
6   }
(gdb) n
main () at p3final.c:22
22    result=ncr(n,r);
(gdb) s
ncr (n=5, r=2) at p3final.c:9
9     if(r==0 || n==r)
(gdb) n
12      return ncr(n-1,r-1)+ncr(n-1,r);
(gdb) n
13  }
(gdb) n
main () at p3final.c:23
23    output(n,r,result);
(gdb) s
output (n=5, r=2, result=10) at p3final.c:16
16    printf("%dC%d is %d\n",n,r,result);
(gdb) n
5C2 is 10
17  }
(gdb) n
main () at p3final.c:24
24    return 0;
(gdb) n
25  }(gdb) c
Continuing.
[Inferior 1 (process 1098) exited normally]
(gdb) q
